// Jest Snapshot v1, https://goo.gl/fbAQLP

exports[`<Button /> should match snapshot 1`] = `
<button
  class="btn btn-transition btn-styles"
>
  Load More +
</button>
`;
