// Jest Snapshot v1, https://goo.gl/fbAQLP

exports[`<TextInput /> should match snapshot 1`] = `
<div>
  <input
    class="w-full text-3xl px-2"
    placeholder="Type your Digimon"
    type="search"
    value=""
  />
</div>
`;
